
==[ ruff format --check src tests ]==
581 files already formatted
  [PASS] ruff format --check src tests (0.1s)

==[ ruff check src tests ]==
All checks passed!
  [PASS] ruff check src tests (0.1s)

==[ mypy src ]==
Success: no issues found in 247 source files
  [PASS] mypy src (43.2s)

==[ pytest -q (non-godot) ]==
........................................................................ [  1%]
........................s....ss......................................... [  3%]
........................................................................ [  5%]
........................................................................ [  7%]
........................................................................ [  8%]
........................................................................ [ 10%]
........................................................................ [ 12%]
........................................................................ [ 14%]
........................................................................ [ 16%]
........................................................................ [ 17%]
........................................................................ [ 19%]
........................................................................ [ 21%]
........................................................................ [ 23%]
........................................................................ [ 25%]
........................................................................ [ 26%]
........................................................................ [ 28%]
........................................................................ [ 30%]
........................................................................ [ 32%]
........................................................................ [ 34%]
........................................................................ [ 35%]
........................................................................ [ 37%]
........................................................................ [ 39%]
..............................................................s......... [ 41%]
.....................s.................................................. [ 43%]
........s............................................................... [ 44%]
........................................................................ [ 46%]
........................................................................ [ 48%]
........................................................................ [ 50%]
........................................................................ [ 52%]
........................................................................ [ 53%]
....ss.................................................................. [ 55%]
........................................................................ [ 57%]
........................................................................ [ 59%]
........................................................................ [ 61%]
........................................................................ [ 62%]
........................................................................ [ 64%]
........................................................................ [ 66%]
........................................................................ [ 68%]
........................................................................ [ 70%]
........................................................................ [ 71%]
........................................................................ [ 73%]
........................................................................ [ 75%]
........................................................................ [ 77%]
........................................................................ [ 79%]
........................................................................ [ 80%]
........................................................................ [ 82%]
.........................................ss...sss...ss...sss.s.ssssss.s. [ 84%]
sssssss.ss...ss......................................................... [ 86%]
........................................................................ [ 88%]
...............................................................sss...... [ 89%]
........................................................................ [ 91%]
..........ssss.........................s................................ [ 93%]
...........sssssss......................................FE.............. [ 95%]
........................................................................ [ 97%]
........................................................................ [ 98%]
..............................................                           [100%]
=================================== ERRORS ====================================
____________ ERROR at teardown of test_subprocess_help_exits_zero _____________

self = <Thread(Thread-206 (_readerthread), stopped daemon 24752)>

    def _bootstrap_inner(self):
        try:
            self._set_ident()
            self._set_tstate_lock()
            if _HAVE_THREAD_NATIVE_ID:
                self._set_native_id()
            self._started.set()
            with _active_limbo_lock:
                _active[self._ident] = self
                del _limbo[self]
    
            if _trace_hook:
                _sys.settrace(_trace_hook)
            if _profile_hook:
                _sys.setprofile(_profile_hook)
    
            try:
>               self.run()

C:\Users\johnd\AppData\Roaming\uv\python\cpython-3.11-windows-x86_64-none\Lib\threading.py:1045: 
_ _ _ _ _ _ _ _ _ _ _ _ _ _ _ _ _ _ _ _ _ _ _ _ _ _ _ _ _ _ _ _ _ _ _ _ _ _ _ _
C:\Users\johnd\AppData\Roaming\uv\python\cpython-3.11-windows-x86_64-none\Lib\threading.py:982: in run
    self._target(*self._args, **self._kwargs)
_ _ _ _ _ _ _ _ _ _ _ _ _ _ _ _ _ _ _ _ _ _ _ _ _ _ _ _ _ _ _ _ _ _ _ _ _ _ _ _

self = <Popen: returncode: 0 args: ['C:\\ERRE-Sand_Box\\.venv\\Scripts\\python.exe'...>
fh = <_io.TextIOWrapper name=10 encoding='cp932'>, buffer = []

    def _readerthread(self, fh, buffer):
>       buffer.append(fh.read())
                      ^^^^^^^^^
E       UnicodeDecodeError: 'cp932' codec can't decode byte 0x98 in position 6676: illegal multibyte sequence

C:\Users\johnd\AppData\Roaming\uv\python\cpython-3.11-windows-x86_64-none\Lib\subprocess.py:1599: UnicodeDecodeError

The above exception was the direct cause of the following exception:

cls = <class '_pytest.runner.CallInfo'>
func = <function call_and_report.<locals>.<lambda> at 0x0000020AE14A7BA0>
when = 'teardown'
reraise = (<class '_pytest.outcomes.Exit'>, <class 'KeyboardInterrupt'>)

    @classmethod
    def from_call(
        cls,
        func: Callable[[], TResult],
        when: Literal["collect", "setup", "call", "teardown"],
        reraise: type[BaseException] | tuple[type[BaseException], ...] | None = None,
    ) -> CallInfo[TResult]:
        """Call func, wrapping the result in a CallInfo.
    
        :param func:
            The function to call. Called without arguments.
        :type func: Callable[[], _pytest.runner.TResult]
        :param when:
            The phase in which the function is called.
        :param reraise:
            Exception or exceptions that shall propagate if raised by the
            function, instead of being wrapped in the CallInfo.
        """
        excinfo = None
        instant = timing.Instant()
        try:
>           result: TResult | None = func()
                                     ^^^^^^

.venv\Lib\site-packages\_pytest\runner.py:344: 
_ _ _ _ _ _ _ _ _ _ _ _ _ _ _ _ _ _ _ _ _ _ _ _ _ _ _ _ _ _ _ _ _ _ _ _ _ _ _ _
.venv\Lib\site-packages\_pytest\runner.py:246: in <lambda>
    lambda: runtest_hook(item=item, **kwds), when=when, reraise=reraise
            ^^^^^^^^^^^^^^^^^^^^^^^^^^^^^^^
.venv\Lib\site-packages\pluggy\_hooks.py:512: in __call__
    return self._hookexec(self.name, self._hookimpls.copy(), kwargs, firstresult)
           ^^^^^^^^^^^^^^^^^^^^^^^^^^^^^^^^^^^^^^^^^^^^^^^^^^^^^^^^^^^^^^^^^^^^^^
.venv\Lib\site-packages\pluggy\_manager.py:120: in _hookexec
    return self._inner_hookexec(hook_name, methods, kwargs, firstresult)
           ^^^^^^^^^^^^^^^^^^^^^^^^^^^^^^^^^^^^^^^^^^^^^^^^^^^^^^^^^^^^^
.venv\Lib\site-packages\_pytest\logging.py:858: in pytest_runtest_teardown
    yield
.venv\Lib\site-packages\_pytest\capture.py:905: in pytest_runtest_teardown
    return (yield)
            ^^^^^
.venv\Lib\site-packages\_pytest\threadexception.py:152: in pytest_runtest_teardown
    collect_thread_exception(item.config)
.venv\Lib\site-packages\_pytest\threadexception.py:70: in collect_thread_exception
    raise errors[0]
_ _ _ _ _ _ _ _ _ _ _ _ _ _ _ _ _ _ _ _ _ _ _ _ _ _ _ _ _ _ _ _ _ _ _ _ _ _ _ _

config = <_pytest.config.Config object at 0x0000020A869B7190>

    def collect_thread_exception(config: Config) -> None:
        pop_thread_exception = config.stash[thread_exceptions].pop
        errors: list[pytest.PytestUnhandledThreadExceptionWarning | RuntimeError] = []
        meta = None
        hook_error = None
        try:
            while True:
                try:
                    meta = pop_thread_exception()
                except IndexError:
                    break
    
                if isinstance(meta, BaseException):
                    hook_error = RuntimeError("Failed to process thread exception")
                    hook_error.__cause__ = meta
                    errors.append(hook_error)
                    continue
    
                msg = meta.msg
                try:
>                   warnings.warn(pytest.PytestUnhandledThreadExceptionWarning(msg))
E                   pytest.PytestUnhandledThreadExceptionWarning: Exception in thread Thread-206 (_readerthread)
E                   Enable tracemalloc to get traceback where the object was allocated.
E                   See https://docs.pytest.org/en/stable/how-to/capture-warnings.html#resource-warnings for more info.

.venv\Lib\site-packages\_pytest\threadexception.py:58: PytestUnhandledThreadExceptionWarning
================================== FAILURES ===================================
_______________________ test_subprocess_help_exits_zero _______________________

    def test_subprocess_help_exits_zero() -> None:
        """``python -m erre_sandbox.training.train_kant_lora --help`` must exit 0."""
        result = subprocess.run(
            [sys.executable, "-m", "erre_sandbox.training.train_kant_lora", "--help"],
            capture_output=True,
            text=True,
            check=False,
        )
        assert result.returncode == 0, result.stderr
>       assert "Phase β real Kant LoRA training entry" in result.stdout
               ^^^^^^^^^^^^^^^^^^^^^^^^^^^^^^^^^^^^^^^^^^^^^^^^^^^^^^^^
E       TypeError: argument of type 'NoneType' is not iterable

tests\test_training\test_train_kant_lora_cli.py:473: TypeError
============================== warnings summary ===============================
tests/test_cli/test_live_carry_verdict.py::test_cli_default_out_path
  C:\ERRE-Sand_Box\.venv\Lib\site-packages\_pytest\unraisableexception.py:67: PytestUnraisableExceptionWarning: Exception ignored in: <socket.socket fd=2008, family=2, type=1, proto=0, laddr=('127.0.0.1', 60097), raddr=('127.0.0.1', 60098)>
  
  Traceback (most recent call last):
    File "C:\ERRE-Sand_Box\src\erre_sandbox\evidence\saturation\loader.py", line 514, in <listcomp>
      SaturationTraceRow(
  ResourceWarning: unclosed <socket.socket fd=2008, family=2, type=1, proto=0, laddr=('127.0.0.1', 60097), raddr=('127.0.0.1', 60098)>
  
  Enable tracemalloc to get traceback where the object was allocated.
  See https://docs.pytest.org/en/stable/how-to/capture-warnings.html#resource-warnings for more info.
    warnings.warn(pytest.PytestUnraisableExceptionWarning(msg))

tests/test_cli/test_live_carry_verdict.py::test_cli_default_out_path
  C:\ERRE-Sand_Box\.venv\Lib\site-packages\_pytest\unraisableexception.py:67: PytestUnraisableExceptionWarning: Exception ignored in: <socket.socket fd=2456, family=2, type=1, proto=0, laddr=('127.0.0.1', 60098), raddr=('127.0.0.1', 60097)>
  
  Traceback (most recent call last):
    File "C:\ERRE-Sand_Box\src\erre_sandbox\evidence\saturation\loader.py", line 514, in <listcomp>
      SaturationTraceRow(
  ResourceWarning: unclosed <socket.socket fd=2456, family=2, type=1, proto=0, laddr=('127.0.0.1', 60098), raddr=('127.0.0.1', 60097)>
  
  Enable tracemalloc to get traceback where the object was allocated.
  See https://docs.pytest.org/en/stable/how-to/capture-warnings.html#resource-warnings for more info.
    warnings.warn(pytest.PytestUnraisableExceptionWarning(msg))

tests/test_cli/test_live_carry_verdict.py::test_cli_default_out_path
  C:\ERRE-Sand_Box\.venv\Lib\site-packages\_pytest\unraisableexception.py:67: PytestUnraisableExceptionWarning: Exception ignored in: <function BaseEventLoop.__del__ at 0x0000020A86CC3A60>
  
  Traceback (most recent call last):
    File "C:\Users\johnd\AppData\Roaming\uv\python\cpython-3.11-windows-x86_64-none\Lib\asyncio\base_events.py", line 693, in __del__
      _warn(f"unclosed event loop {self!r}", ResourceWarning, source=self)
  ResourceWarning: unclosed event loop <ProactorEventLoop running=False closed=False debug=False>
  
  Enable tracemalloc to get traceback where the object was allocated.
  See https://docs.pytest.org/en/stable/how-to/capture-warnings.html#resource-warnings for more info.
    warnings.warn(pytest.PytestUnraisableExceptionWarning(msg))

-- Docs: https://docs.pytest.org/en/stable/how-to/capture-warnings.html
=========================== short test summary info ===========================
SKIPPED [1] tests\test_cli\test_eval_run_golden.py:150: symlink creation not supported on this platform / FS
SKIPPED [1] tests\test_cli\test_eval_run_golden.py:267: symlink creation not supported on this platform / FS
SKIPPED [1] tests\test_cli\test_eval_run_golden.py:291: symlink creation not supported on this platform / FS
SKIPPED [1] tests\test_evidence\test_individuation_c3b_pipeline.py:417: real encoder download avoided in base CI (ERRE_RUN_REAL_MPNET_TESTS=1)
SKIPPED [1] tests\test_evidence\test_individuation_centroid_panel.py:170: MPNet (~440MB) download avoided in base CI; set ERRE_RUN_REAL_MPNET_TESTS=1 to opt-in
SKIPPED [1] tests\test_evidence\test_individuation_layer1.py:337: MPNet (~440MB) download avoided in base CI; set ERRE_RUN_REAL_MPNET_TESTS=1 to opt-in
SKIPPED [1] tests\test_evidence\test_tier_a\test_burrows_corpus_qc.py:377: Kant corpus has 2656 tokens (<10000); ME-6 5K-chunk stability deferred to m9-eval-corpus expansion (Akademie-Ausgabe Bd. VIII full ingest)
SKIPPED [1] tests\test_evidence\test_tier_a\test_burrows_corpus_qc.py:393: Rikyū corpus has 122 tokens (<10000); ME-6 5K-chunk stability deferred to m9-eval-corpus expansion (青空文庫 / 国文大観 OCR pipeline)
SKIPPED [1] tests\test_schema_contract.py:94: AffordanceEvent has no schema_version field
SKIPPED [1] tests\test_schema_contract.py:94: AgentSpec has no schema_version field
SKIPPED [1] tests\test_schema_contract.py:94: BiorhythmEvent has no schema_version field
SKIPPED [1] tests\test_schema_contract.py:94: Cognitive has no schema_version field
SKIPPED [1] tests\test_schema_contract.py:94: CognitiveHabit has no schema_version field
SKIPPED [1] tests\test_schema_contract.py:94: ERREMode has no schema_version field
SKIPPED [1] tests\test_schema_contract.py:94: ERREModeShiftEvent has no schema_version field
SKIPPED [1] tests\test_schema_contract.py:94: InternalEvent has no schema_version field
SKIPPED [1] tests\test_schema_contract.py:94: LocomotionState has no schema_version field
SKIPPED [1] tests\test_schema_contract.py:94: MemoryEntry has no schema_version field
SKIPPED [1] tests\test_schema_contract.py:94: PerceptionEvent has no schema_version field
SKIPPED [1] tests\test_schema_contract.py:94: PersonalityTraits has no schema_version field
SKIPPED [1] tests\test_schema_contract.py:94: Physical has no schema_version field
SKIPPED [1] tests\test_schema_contract.py:94: Position has no schema_version field
SKIPPED [1] tests\test_schema_contract.py:94: PropLayout has no schema_version field
SKIPPED [1] tests\test_schema_contract.py:94: ProximityEvent has no schema_version field
SKIPPED [1] tests\test_schema_contract.py:94: ReasoningTrace has no schema_version field
SKIPPED [1] tests\test_schema_contract.py:94: ReflectionEvent has no schema_version field
SKIPPED [1] tests\test_schema_contract.py:94: RelationshipBond has no schema_version field
SKIPPED [1] tests\test_schema_contract.py:94: RunLifecycleState has no schema_version field
SKIPPED [1] tests\test_schema_contract.py:94: SamplingBase has no schema_version field
SKIPPED [1] tests\test_schema_contract.py:94: SamplingDelta has no schema_version field
SKIPPED [1] tests\test_schema_contract.py:94: SemanticMemoryRecord has no schema_version field
SKIPPED [1] tests\test_schema_contract.py:94: SpatialContext has no schema_version field
SKIPPED [1] tests\test_schema_contract.py:94: SpeechEvent has no schema_version field
SKIPPED [1] tests\test_schema_contract.py:94: TemporalEvent has no schema_version field
SKIPPED [1] tests\test_schema_contract.py:94: TriggerEventTag has no schema_version field
SKIPPED [1] tests\test_schema_contract.py:94: ZoneLayout has no schema_version field
SKIPPED [1] tests\test_schema_contract.py:94: ZoneTransitionEvent has no schema_version field
SKIPPED [1] tests\test_tools\test_build_mock_lora.py:59: symlink creation not supported on this platform / FS
SKIPPED [1] tests\test_tools\test_build_mock_lora.py:95: could not import 'peft': No module named 'peft'
SKIPPED [1] tests\test_tools\test_build_mock_lora.py:117: could not import 'peft': No module named 'peft'
SKIPPED [1] tests\test_training\test_preference_burrows.py:208: could not import 'trl': No module named 'trl'
SKIPPED [1] tests\test_training\test_preference_burrows.py:215: could not import 'trl': No module named 'trl'
SKIPPED [1] tests\test_training\test_preference_burrows.py:223: could not import 'trl': No module named 'trl'
SKIPPED [1] tests\test_training\test_preference_burrows.py:239: could not import 'trl': No module named 'trl'
SKIPPED [1] tests\test_training\test_preference_burrows.py:897: could not import 'trl': No module named 'trl'
SKIPPED [1] tests\test_training\test_qc_detectors_real.py:124: MPNet integration tests skipped by default to avoid ~440MB model download in base CI. Set ERRE_RUN_REAL_MPNET_TESTS=1 to opt-in (local cache or explicit network OK).
SKIPPED [1] tests\test_training\test_qc_detectors_real.py:132: MPNet integration tests skipped by default to avoid ~440MB model download in base CI. Set ERRE_RUN_REAL_MPNET_TESTS=1 to opt-in (local cache or explicit network OK).
SKIPPED [1] tests\test_training\test_qc_detectors_real.py:142: MPNet integration tests skipped by default to avoid ~440MB model download in base CI. Set ERRE_RUN_REAL_MPNET_TESTS=1 to opt-in (local cache or explicit network OK).
SKIPPED [1] tests\test_training\test_qc_detectors_real.py:152: MPNet integration tests skipped by default to avoid ~440MB model download in base CI. Set ERRE_RUN_REAL_MPNET_TESTS=1 to opt-in (local cache or explicit network OK).
SKIPPED [1] tests\test_training\test_qc_detectors_real.py:165: MPNet integration tests skipped by default to avoid ~440MB model download in base CI. Set ERRE_RUN_REAL_MPNET_TESTS=1 to opt-in (local cache or explicit network OK).
SKIPPED [1] tests\test_training\test_qc_detectors_real.py:178: MPNet integration tests skipped by default to avoid ~440MB model download in base CI. Set ERRE_RUN_REAL_MPNET_TESTS=1 to opt-in (local cache or explicit network OK).
SKIPPED [1] tests\test_training\test_qc_detectors_real.py:197: MPNet integration tests skipped by default to avoid ~440MB model download in base CI. Set ERRE_RUN_REAL_MPNET_TESTS=1 to opt-in (local cache or explicit network OK).
ERROR tests/test_training/test_train_kant_lora_cli.py::test_subprocess_help_exits_zero
FAILED tests/test_training/test_train_kant_lora_cli.py::test_subprocess_help_exits_zero
1 failed, 3952 passed, 52 skipped, 3 warnings, 1 error in 621.71s (0:10:21)
  [FAIL] pytest -q (non-godot) (exit=1, 625.4s)

==[ 1 CHECK(S) FAILED (668.9s total) ]==
DO NOT push. Fix the failures above and re-run.
